// Vitest Snapshot v1, https://vitest.dev/guide/snapshot.html

exports[`SignupForm > can mount signup form component 1`] = `
"<form>
  <provet-stack>
    <provet-input></provet-input>
    <provet-input></provet-input>
    <provet-input>
      <provet-button slot="end">
        <provet-icon></provet-icon>
      </provet-button>
    </provet-input>
    <provet-checkbox type="checkbox" expand=""></provet-checkbox>
    <provet-button class="n-margin-bs-m n-width-100">Sign Up</provet-button>
  </provet-stack>
</form>"
`;
