// Vitest Snapshot v1, https://vitest.dev/guide/snapshot.html

exports[`SignupForm > can mount signup form component 1`] = `
"<form autocomplete="off">
  <provet-input></provet-input>
  <provet-input></provet-input>
  <provet-input></provet-input>
  <provet-input></provet-input>
  <provet-input></provet-input>
  <provet-checkbox type="checkbox"></provet-checkbox>
  <provet-button class="n-margin-bs-m n-width-100">Sign Up</provet-button>
</form>"
`;
