// Vitest Snapshot v1, https://vitest.dev/guide/snapshot.html

exports[`LoginForm > can mount login form component 1`] = `
"<form class="login-form">
  <provet-stack>
    <provet-input data-testid="email"></provet-input>
    <provet-input>
      <provet-button slot="end">
        <provet-icon></provet-icon>
      </provet-button>
    </provet-input>
    <provet-button class="n-margin-bs-m n-width-100">Log In</provet-button>
  </provet-stack>
</form>"
`;
